usage: train.py [-h] [--config CONFIG] [--run-dir RUN_DIR]
                [--run-name RUN_NAME] [--model-path MODEL_PATH] [--seed SEED]
                [--episode-steps EPISODE_STEPS]
                [--update-episodes UPDATE_EPISODES]
                [--save-interval SAVE_INTERVAL] [--ppo-lr PPO_LR]
                [--ppo-epochs PPO_EPOCHS] [--ppo-clip PPO_CLIP]
                [--ppo-value-clip PPO_VALUE_CLIP]
                [--ppo-reward-scale PPO_REWARD_SCALE]
                [--ppo-reward-clip PPO_REWARD_CLIP]
                [--ppo-entropy-start PPO_ENTROPY_START]
                [--ppo-entropy-end PPO_ENTROPY_END]
                [--ppo-entropy-decay-steps PPO_ENTROPY_DECAY_STEPS]
                [--ppo-max-grad-norm PPO_MAX_GRAD_NORM]
                [--bc-supervised-coef BC_SUPERVISED_COEF]
                [--bc-supervised-min-coef BC_SUPERVISED_MIN_COEF]
                [--bc-supervised-decay-steps BC_SUPERVISED_DECAY_STEPS]
                [--target-selector {nearest,risk_aware}] [--steam-attention]
                [--material-map] [--material-tv-reward]
                [--material-tv-reward-gain MATERIAL_TV_REWARD_GAIN]
                [--no-lstm] [--no-curriculum]
                [--flat-stage {single_easy,single_precision,multi_low,multi_realistic,multi_hard,multi_extreme}]
                [--no-potential-shaping] [--no-best-progress]
                [--no-material-observation] [--no-action-smoothing-penalty]
                [--action-delay-steps ACTION_DELAY_STEPS]
                [--action-noise-std ACTION_NOISE_STD] [--domain-randomization]
                [--domain-randomization-scale DOMAIN_RANDOMIZATION_SCALE]
                [--residual-policy]
                [--residual-base-policy {nearest,oldest,distance_age,risk_aware,dynamic_weighted,horizon2,horizon3,aco_tsp}]
                [--residual-beta RESIDUAL_BETA] [--no-residual-guard]
                [--bc-episodes BC_EPISODES] [--bc-epochs BC_EPOCHS]
                [--bc-policy {nearest,oldest,distance_age,risk_aware,dynamic_weighted,horizon2,horizon3,aco_tsp}]
                [--bc-stage-episodes BC_STAGE_EPISODES]
                [--stage-episodes STAGE_EPISODES] [--no-bc] [--plot]
                [--headless]
train.py: error: unrecognized arguments: runs/logs/planner_residual_attention_v4_seed0.log
